// Vitest Snapshot v1, https://vitest.dev/guide/snapshot.html

exports[`Loader > matches snapshot 1`] = `
<Blueprint5.Spinner
  intent="primary"
/>
`;
