// Vitest Snapshot v1, https://vitest.dev/guide/snapshot.html

exports[`Icon > matches snapshot 1`] = `
<SvgSuccess
  className="icon"
/>
`;
