// Vitest Snapshot v1, https://vitest.dev/guide/snapshot.html

exports[`Badge > matches snapshot 1`] = `
<span
  className="badge badge-success"
>
  Success
</span>
`;
